
R version 2.11.1 (2010-05-31)
Copyright (C) 2010 The R Foundation for Statistical Computing
ISBN 3-900051-07-0

R is free software and comes with ABSOLUTELY NO WARRANTY.
You are welcome to redistribute it under certain conditions.
Type 'license()' or 'licence()' for distribution details.

  Natural language support but running in an English locale

R is a collaborative project with many contributors.
Type 'contributors()' for more information and
'citation()' on how to cite R or R packages in publications.

Type 'demo()' for some demos, 'help()' for on-line help, or
'help.start()' for an HTML browser interface to help.
Type 'q()' to quit R.

> .help.ESS <- help
> options(STERM='iESS', editor='emacsclient')
> options(warn=0,error=NULL)
> ## options(warn=2,error=recover)
> library(ash)
> library(bigmemory)

bigmemory >= 4.0 is a major revision since 3.1.2; please see package
biganalytics and http://www.bigmemory.org for more information.

> library(foreach)
Loading required package: iterators
Loading required package: codetools
foreach: simple, scalable parallel programming from REvolution Computing
Use REvolution R for scalability, fault tolerance and more.
http://www.revolution-computing.com
> library(qtbase)
> library(qtpaint)
> library(plumbr)
> library(IRanges)

Attaching package: 'IRanges'

The following object(s) are masked from 'package:base':

    cbind, Map, mapply, order, paste, pmax, pmax.int, pmin, pmin.int,
    rbind, rep.int, table

> library(reshape)
Loading required package: plyr

Attaching package: 'plyr'

The following object(s) are masked from 'package:IRanges':

    reduce

> ##library(foreach)
> ##library(doMC)
> ##registerDoMC()
> sourceDir <- function(path, trace = TRUE, ...) {
+   for (nm in list.files(path, pattern = "\\.[RrSsQq]$")) {
+     if(trace) cat(nm,":")           
+     source(file.path(path, nm), ...)
+     if(trace) cat("\n")
+   }
+ }
> sourceDir('~/Prolang/svn/repos/trunk/genomebrowser/pkg/genomebrowser/R')
birdEyeView.R :
chipseq-alg.R :
diagWindow-alg.R :
diagWindow-plot.R :
event.R :
filter-alg.R :
geneViewer-alg.R :
geneViewer-plot.R :
GO-alg.R :
GO-plot.R :
graphicUtils.R :
GUI-callback.R :
GUI.R :
initialize.R :
qtDetailWindow-plot.R :
qtDiagWindow-plot.R :
showAll.R :
> source('/home/tengfei/Prolang/git/repos/cranvas/api-sketch_021910.r')
> sourceDir('/home/tengfei/Prolang/git/repos/cranvas/Barret')
axes.r :
barplot.r :
helper.r :
> sourceDir('/home/tengfei/Prolang/git/repos/cranvas/Yihui')
qparellel.R :
> load('~/Data/rda/brain9.rda')
> gInitialize(mysum9,spe.lst)
> testGUI(mysum9,species=spe.lst,cytoband=FALSE,lower=c(40,40))
Loading required package: gWidgets
Loading required package: RGtk2
Loading required package: gWidgetsRGtk2
Loading required package: cairoDevice
QGridLayoutEngine::addItem: Cell (0, 0) already taken
QGridLayoutEngine::addItem: Cell (0, 0) already taken
QGridLayoutEngine::addItem: Cell (0, 0) already taken
NULL
> 